

================================================================
== Vivado HLS Report for 'smvm'
================================================================
* Date:           Sun Jun  9 18:39:51 2024

* Version:        2018.3 (Build 2405991 on Thu Dec 06 23:56:15 MST 2018)
* Project:        smvmProject
* Solution:       Loop2PU2B8all3
* Product family: zynq
* Target device:  xc7z020clg484-1


================================================================
== Performance Estimates
================================================================
+ Timing (ns): 
    * Summary: 
    +--------+-------+----------+------------+
    |  Clock | Target| Estimated| Uncertainty|
    +--------+-------+----------+------------+
    |ap_clk  |  10.00|     8.510|        1.25|
    +--------+-------+----------+------------+

+ Latency (clock cycles): 
    * Summary: 
    +-----+-----+-----+-----+---------+
    |  Latency  |  Interval | Pipeline|
    | min | max | min | max |   Type  |
    +-----+-----+-----+-----+---------+
    |   97|  225|   97|  225|   none  |
    +-----+-----+-----+-----+---------+

    + Detail: 
        * Instance: 
        N/A

        * Loop: 
        +----------+-----+-----+----------+-----------+-----------+-------+----------+
        |          |  Latency  | Iteration|  Initiation Interval  |  Trip |          |
        | Loop Name| min | max |  Latency |  achieved |   target  | Count | Pipelined|
        +----------+-----+-----+----------+-----------+-----------+-------+----------+
        |- loop1   |   96|  224|  6 ~ 14  |          -|          -|     16|    no    |
        | + loop2  |    2|   10|         3|          1|          1| 0 ~ 8 |    yes   |
        +----------+-----+-----+----------+-----------+-----------+-------+----------+



================================================================
== Utilization Estimates
================================================================
* Summary: 
+-----------------+---------+-------+--------+-------+
|       Name      | BRAM_18K| DSP48E|   FF   |  LUT  |
+-----------------+---------+-------+--------+-------+
|DSP              |        -|      -|       -|      -|
|Expression       |        -|      6|       0|    275|
|FIFO             |        -|      -|       -|      -|
|Instance         |        -|      -|       0|    390|
|Memory           |        -|      -|       -|      -|
|Multiplexer      |        -|      -|       -|     78|
|Register         |        -|      -|     347|      -|
+-----------------+---------+-------+--------+-------+
|Total            |        0|      6|     347|    743|
+-----------------+---------+-------+--------+-------+
|Available        |      280|    220|  106400|  53200|
+-----------------+---------+-------+--------+-------+
|Utilization (%)  |        0|      2|   ~0   |      1|
+-----------------+---------+-------+--------+-------+

+ Detail: 
    * Instance: 
    +------------------------+---------------------+---------+-------+---+----+
    |        Instance        |        Module       | BRAM_18K| DSP48E| FF| LUT|
    +------------------------+---------------------+---------+-------+---+----+
    |smvm_mux_164_32_1_1_U1  |smvm_mux_164_32_1_1  |        0|      0|  0|  65|
    |smvm_mux_164_32_1_1_U2  |smvm_mux_164_32_1_1  |        0|      0|  0|  65|
    |smvm_mux_164_32_1_1_U3  |smvm_mux_164_32_1_1  |        0|      0|  0|  65|
    |smvm_mux_164_32_1_1_U4  |smvm_mux_164_32_1_1  |        0|      0|  0|  65|
    |smvm_mux_164_32_1_1_U5  |smvm_mux_164_32_1_1  |        0|      0|  0|  65|
    |smvm_mux_164_32_1_1_U6  |smvm_mux_164_32_1_1  |        0|      0|  0|  65|
    +------------------------+---------------------+---------+-------+---+----+
    |Total                   |                     |        0|      0|  0| 390|
    +------------------------+---------------------+---------+-------+---+----+

    * DSP48: 
    N/A

    * Memory: 
    N/A

    * FIFO: 
    N/A

    * Expression: 
    +------------------------------+----------+-------+---+----+------------+------------+
    |         Variable Name        | Operation| DSP48E| FF| LUT| Bitwidth P0| Bitwidth P1|
    +------------------------------+----------+-------+---+----+------------+------------+
    |tmp_6_1_fu_813_p2             |     *    |      3|  0|  20|          32|          32|
    |tmp_s_fu_809_p2               |     *    |      3|  0|  20|          32|          32|
    |i_1_fu_525_p2                 |     +    |      0|  0|  15|           5|           1|
    |k_1_0_t_fu_679_p2             |     +    |      0|  0|  13|           1|           4|
    |k_1_1_fu_803_p2               |     +    |      0|  0|  39|           2|          32|
    |k_1_fu_668_p2                 |     +    |      0|  0|  39|           1|          32|
    |ytmp_1_1_fu_822_p2            |     +    |      0|  0|  39|          32|          32|
    |ytmp_1_fu_817_p2              |     +    |      0|  0|  39|          32|          32|
    |exitcond_fu_519_p2            |   icmp   |      0|  0|  11|           5|           6|
    |tmp_3_1_fu_674_p2             |   icmp   |      0|  0|  18|          32|          32|
    |tmp_3_fu_541_p2               |   icmp   |      0|  0|  18|          32|          32|
    |ap_predicate_tran6to7_state4  |    or    |      0|  0|   2|           1|           1|
    |ap_enable_pp0                 |    xor   |      0|  0|   2|           1|           2|
    +------------------------------+----------+-------+---+----+------------+------------+
    |Total                         |          |      6|  0| 275|         208|         270|
    +------------------------------+----------+-------+---+----+------------+------------+

    * Multiplexer: 
    +-------------------------+----+-----------+-----+-----------+
    |           Name          | LUT| Input Size| Bits| Total Bits|
    +-------------------------+----+-----------+-----+-----------+
    |ap_NS_fsm                |  33|          6|    1|          6|
    |ap_enable_reg_pp0_iter2  |   9|          2|    1|          2|
    |i_reg_476                |   9|          2|    5|         10|
    |k1_reg_487               |   9|          2|   32|         64|
    |ytmp_lcssa_reg_508       |   9|          2|   32|         64|
    |ytmp_reg_496             |   9|          2|   32|         64|
    +-------------------------+----+-----------+-----+-----------+
    |Total                    |  78|         16|  103|        210|
    +-------------------------+----+-----------+-----+-----------+

    * Register: 
    +-------------------------------+----+----+-----+-----------+
    |              Name             | FF | LUT| Bits| Const Bits|
    +-------------------------------+----+----+-----+-----------+
    |ap_CS_fsm                      |   5|   0|    5|          0|
    |ap_enable_reg_pp0_iter0        |   1|   0|    1|          0|
    |ap_enable_reg_pp0_iter1        |   1|   0|    1|          0|
    |ap_enable_reg_pp0_iter2        |   1|   0|    1|          0|
    |iFirstEl_load_reg_855          |  32|   0|   32|          0|
    |i_1_reg_830                    |   5|   0|    5|          0|
    |i_reg_476                      |   5|   0|    5|          0|
    |k1_reg_487                     |  32|   0|   32|          0|
    |tmp_10_reg_884                 |  32|   0|   32|          0|
    |tmp_3_1_reg_875                |   1|   0|    1|          0|
    |tmp_3_1_reg_875_pp0_iter1_reg  |   1|   0|    1|          0|
    |tmp_3_reg_861                  |   1|   0|    1|          0|
    |tmp_3_reg_861_pp0_iter1_reg    |   1|   0|    1|          0|
    |tmp_5_reg_865                  |  32|   0|   32|          0|
    |tmp_6_1_reg_899                |  32|   0|   32|          0|
    |tmp_7_reg_870                  |  32|   0|   32|          0|
    |tmp_8_reg_879                  |  32|   0|   32|          0|
    |tmp_reg_835                    |   5|   0|   64|         59|
    |tmp_s_reg_894                  |  32|   0|   32|          0|
    |ytmp_lcssa_reg_508             |  32|   0|   32|          0|
    |ytmp_reg_496                   |  32|   0|   32|          0|
    +-------------------------------+----+----+-----+-----------+
    |Total                          | 347|   0|  406|         59|
    +-------------------------------+----+----+-----+-----------+



================================================================
== Interface
================================================================
* Summary: 
+-------------------+-----+-----+------------+---------------+--------------+
|     RTL Ports     | Dir | Bits|  Protocol  | Source Object |    C Type    |
+-------------------+-----+-----+------------+---------------+--------------+
|ap_clk             |  in |    1| ap_ctrl_hs |      smvm     | return value |
|ap_rst             |  in |    1| ap_ctrl_hs |      smvm     | return value |
|ap_start           |  in |    1| ap_ctrl_hs |      smvm     | return value |
|ap_done            | out |    1| ap_ctrl_hs |      smvm     | return value |
|ap_idle            | out |    1| ap_ctrl_hs |      smvm     | return value |
|ap_ready           | out |    1| ap_ctrl_hs |      smvm     | return value |
|iFirstEl_address0  | out |    5|  ap_memory |    iFirstEl   |     array    |
|iFirstEl_ce0       | out |    1|  ap_memory |    iFirstEl   |     array    |
|iFirstEl_q0        |  in |   32|  ap_memory |    iFirstEl   |     array    |
|iFirstEl_address1  | out |    5|  ap_memory |    iFirstEl   |     array    |
|iFirstEl_ce1       | out |    1|  ap_memory |    iFirstEl   |     array    |
|iFirstEl_q1        |  in |   32|  ap_memory |    iFirstEl   |     array    |
|iNonZeroEl_0       |  in |   32|   ap_none  |  iNonZeroEl_0 |    pointer   |
|iNonZeroEl_1       |  in |   32|   ap_none  |  iNonZeroEl_1 |    pointer   |
|iNonZeroEl_2       |  in |   32|   ap_none  |  iNonZeroEl_2 |    pointer   |
|iNonZeroEl_3       |  in |   32|   ap_none  |  iNonZeroEl_3 |    pointer   |
|iNonZeroEl_4       |  in |   32|   ap_none  |  iNonZeroEl_4 |    pointer   |
|iNonZeroEl_5       |  in |   32|   ap_none  |  iNonZeroEl_5 |    pointer   |
|iNonZeroEl_6       |  in |   32|   ap_none  |  iNonZeroEl_6 |    pointer   |
|iNonZeroEl_7       |  in |   32|   ap_none  |  iNonZeroEl_7 |    pointer   |
|iNonZeroEl_8       |  in |   32|   ap_none  |  iNonZeroEl_8 |    pointer   |
|iNonZeroEl_9       |  in |   32|   ap_none  |  iNonZeroEl_9 |    pointer   |
|iNonZeroEl_10      |  in |   32|   ap_none  | iNonZeroEl_10 |    pointer   |
|iNonZeroEl_11      |  in |   32|   ap_none  | iNonZeroEl_11 |    pointer   |
|iNonZeroEl_12      |  in |   32|   ap_none  | iNonZeroEl_12 |    pointer   |
|iNonZeroEl_13      |  in |   32|   ap_none  | iNonZeroEl_13 |    pointer   |
|iNonZeroEl_14      |  in |   32|   ap_none  | iNonZeroEl_14 |    pointer   |
|iNonZeroEl_15      |  in |   32|   ap_none  | iNonZeroEl_15 |    pointer   |
|values_0           |  in |   32|   ap_none  |    values_0   |    pointer   |
|values_1           |  in |   32|   ap_none  |    values_1   |    pointer   |
|values_2           |  in |   32|   ap_none  |    values_2   |    pointer   |
|values_3           |  in |   32|   ap_none  |    values_3   |    pointer   |
|values_4           |  in |   32|   ap_none  |    values_4   |    pointer   |
|values_5           |  in |   32|   ap_none  |    values_5   |    pointer   |
|values_6           |  in |   32|   ap_none  |    values_6   |    pointer   |
|values_7           |  in |   32|   ap_none  |    values_7   |    pointer   |
|values_8           |  in |   32|   ap_none  |    values_8   |    pointer   |
|values_9           |  in |   32|   ap_none  |    values_9   |    pointer   |
|values_10          |  in |   32|   ap_none  |   values_10   |    pointer   |
|values_11          |  in |   32|   ap_none  |   values_11   |    pointer   |
|values_12          |  in |   32|   ap_none  |   values_12   |    pointer   |
|values_13          |  in |   32|   ap_none  |   values_13   |    pointer   |
|values_14          |  in |   32|   ap_none  |   values_14   |    pointer   |
|values_15          |  in |   32|   ap_none  |   values_15   |    pointer   |
|mulRes_address0    | out |    4|  ap_memory |     mulRes    |     array    |
|mulRes_ce0         | out |    1|  ap_memory |     mulRes    |     array    |
|mulRes_we0         | out |    1|  ap_memory |     mulRes    |     array    |
|mulRes_d0          | out |   32|  ap_memory |     mulRes    |     array    |
|vector_0           |  in |   32|   ap_none  |    vector_0   |    pointer   |
|vector_1           |  in |   32|   ap_none  |    vector_1   |    pointer   |
|vector_2           |  in |   32|   ap_none  |    vector_2   |    pointer   |
|vector_3           |  in |   32|   ap_none  |    vector_3   |    pointer   |
|vector_4           |  in |   32|   ap_none  |    vector_4   |    pointer   |
|vector_5           |  in |   32|   ap_none  |    vector_5   |    pointer   |
|vector_6           |  in |   32|   ap_none  |    vector_6   |    pointer   |
|vector_7           |  in |   32|   ap_none  |    vector_7   |    pointer   |
|vector_8           |  in |   32|   ap_none  |    vector_8   |    pointer   |
|vector_9           |  in |   32|   ap_none  |    vector_9   |    pointer   |
|vector_10          |  in |   32|   ap_none  |   vector_10   |    pointer   |
|vector_11          |  in |   32|   ap_none  |   vector_11   |    pointer   |
|vector_12          |  in |   32|   ap_none  |   vector_12   |    pointer   |
|vector_13          |  in |   32|   ap_none  |   vector_13   |    pointer   |
|vector_14          |  in |   32|   ap_none  |   vector_14   |    pointer   |
|vector_15          |  in |   32|   ap_none  |   vector_15   |    pointer   |
+-------------------+-----+-----+------------+---------------+--------------+

