

================================================================
== Vivado HLS Report for 'smvm_loop2PU2C2iNonZeroEl'
================================================================
* Date:           Thu Jun  6 13:41:21 2024

* Version:        2018.3 (Build 2405991 on Thu Dec 06 23:56:15 MST 2018)
* Project:        smvmProject
* Solution:       Loop2PU2C2iNonZeroEl
* Product family: zynq
* Target device:  xc7z020clg484-1


================================================================
== Performance Estimates
================================================================
+ Timing (ns): 
    * Summary: 
    +--------+-------+----------+------------+
    |  Clock | Target| Estimated| Uncertainty|
    +--------+-------+----------+------------+
    |ap_clk  |  10.00|     8.510|        1.25|
    +--------+-------+----------+------------+

+ Latency (clock cycles): 
    * Summary: 
    +-----+-----+-----+-----+---------+
    |  Latency  |  Interval | Pipeline|
    | min | max | min | max |   Type  |
    +-----+-----+-----+-----+---------+
    |    ?|    ?|    ?|    ?|   none  |
    +-----+-----+-----+-----+---------+

    + Detail: 
        * Instance: 
        N/A

        * Loop: 
        +----------+-----+-----+----------+-----------+-----------+------+----------+
        |          |  Latency  | Iteration|  Initiation Interval  | Trip |          |
        | Loop Name| min | max |  Latency |  achieved |   target  | Count| Pipelined|
        +----------+-----+-----+----------+-----------+-----------+------+----------+
        |- loop1   |    ?|    ?|         ?|          -|          -|     4|    no    |
        | + loop2  |    ?|    ?|         5|          1|          1|     ?|    yes   |
        +----------+-----+-----+----------+-----------+-----------+------+----------+



================================================================
== Utilization Estimates
================================================================
* Summary: 
+-----------------+---------+-------+--------+-------+
|       Name      | BRAM_18K| DSP48E|   FF   |  LUT  |
+-----------------+---------+-------+--------+-------+
|DSP              |        -|      -|       -|      -|
|Expression       |        -|      6|       0|    321|
|FIFO             |        -|      -|       -|      -|
|Instance         |        -|      -|       -|      -|
|Memory           |        -|      -|       -|      -|
|Multiplexer      |        -|      -|       -|     87|
|Register         |        0|      -|     533|     64|
+-----------------+---------+-------+--------+-------+
|Total            |        0|      6|     533|    472|
+-----------------+---------+-------+--------+-------+
|Available        |      280|    220|  106400|  53200|
+-----------------+---------+-------+--------+-------+
|Utilization (%)  |        0|      2|   ~0   |   ~0  |
+-----------------+---------+-------+--------+-------+

+ Detail: 
    * Instance: 
    N/A

    * DSP48: 
    N/A

    * Memory: 
    N/A

    * FIFO: 
    N/A

    * Expression: 
    +--------------------------------+----------+-------+---+----+------------+------------+
    |          Variable Name         | Operation| DSP48E| FF| LUT| Bitwidth P0| Bitwidth P1|
    +--------------------------------+----------+-------+---+----+------------+------------+
    |tmp_6_1_fu_357_p2               |     *    |      3|  0|  20|          32|          32|
    |tmp_6_fu_353_p2                 |     *    |      3|  0|  20|          32|          32|
    |i_1_fu_244_p2                   |     +    |      0|  0|  12|           3|           1|
    |k_1_1_fu_308_p2                 |     +    |      0|  0|  39|          32|           2|
    |k_1_fu_281_p2                   |     +    |      0|  0|  39|           1|          32|
    |ytmp_1_1_fu_366_p2              |     +    |      0|  0|  39|          32|          32|
    |ytmp_1_fu_361_p2                |     +    |      0|  0|  39|          32|          32|
    |exitcond_fu_238_p2              |   icmp   |      0|  0|   9|           3|           4|
    |tmp_3_1_fu_287_p2               |   icmp   |      0|  0|  18|          32|          32|
    |tmp_3_fu_260_p2                 |   icmp   |      0|  0|  18|          32|          32|
    |ap_predicate_tran8to9_state4    |    or    |      0|  0|   2|           1|           1|
    |iNonZeroEl_load_0_ph_fu_323_p3  |  select  |      0|  0|  32|           1|          32|
    |iNonZeroEl_load_1_ph_fu_340_p3  |  select  |      0|  0|  32|           1|          32|
    |ap_enable_pp0                   |    xor   |      0|  0|   2|           1|           2|
    +--------------------------------+----------+-------+---+----+------------+------------+
    |Total                           |          |      6|  0| 321|         235|         298|
    +--------------------------------+----------+-------+---+----+------------+------------+

    * Multiplexer: 
    +-----------------------------+----+-----------+-----+-----------+
    |             Name            | LUT| Input Size| Bits| Total Bits|
    +-----------------------------+----+-----------+-----+-----------+
    |ap_NS_fsm                    |  33|          6|    1|          6|
    |ap_enable_reg_pp0_iter4      |   9|          2|    1|          2|
    |ap_phi_mux_k1_phi_fu_208_p4  |   9|          2|   32|         64|
    |i_reg_194                    |   9|          2|    3|          6|
    |k1_reg_205                   |   9|          2|   32|         64|
    |ytmp_lcssa_reg_227           |   9|          2|   32|         64|
    |ytmp_reg_215                 |   9|          2|   32|         64|
    +-----------------------------+----+-----------+-----+-----------+
    |Total                        |  87|         18|  133|        270|
    +-----------------------------+----+-----------+-----+-----------+

    * Register: 
    +-------------------------+----+----+-----+-----------+
    |           Name          | FF | LUT| Bits| Const Bits|
    +-------------------------+----+----+-----+-----------+
    |ap_CS_fsm                |   5|   0|    5|          0|
    |ap_enable_reg_pp0_iter0  |   1|   0|    1|          0|
    |ap_enable_reg_pp0_iter1  |   1|   0|    1|          0|
    |ap_enable_reg_pp0_iter2  |   1|   0|    1|          0|
    |ap_enable_reg_pp0_iter3  |   1|   0|    1|          0|
    |ap_enable_reg_pp0_iter4  |   1|   0|    1|          0|
    |iFirstEl_load_reg_399    |  32|   0|   32|          0|
    |i_1_reg_374              |   3|   0|    3|          0|
    |i_reg_194                |   3|   0|    3|          0|
    |k1_reg_205               |  32|   0|   32|          0|
    |k_1_1_reg_438            |  32|   0|   32|          0|
    |k_1_reg_419              |  32|   0|   32|          0|
    |tmp_3_1_reg_424          |   1|   0|    1|          0|
    |tmp_3_reg_405            |   1|   0|    1|          0|
    |tmp_6_1_reg_488          |  32|   0|   32|          0|
    |tmp_6_reg_483            |  32|   0|   32|          0|
    |tmp_reg_379              |   3|   0|   64|         61|
    |values_load_1_reg_473    |  32|   0|   32|          0|
    |values_load_reg_463      |  32|   0|   32|          0|
    |vector_load_1_reg_478    |  32|   0|   32|          0|
    |vector_load_reg_468      |  32|   0|   32|          0|
    |ytmp_lcssa_reg_227       |  32|   0|   32|          0|
    |ytmp_reg_215             |  32|   0|   32|          0|
    |tmp_3_1_reg_424          |  64|  32|    1|          0|
    |tmp_3_reg_405            |  64|  32|    1|          0|
    +-------------------------+----+----+-----+-----------+
    |Total                    | 533|  64|  468|         61|
    +-------------------------+----+----+-----+-----------+



================================================================
== Interface
================================================================
* Summary: 
+-----------------------+-----+-----+------------+---------------------------+--------------+
|       RTL Ports       | Dir | Bits|  Protocol  |       Source Object       |    C Type    |
+-----------------------+-----+-----+------------+---------------------------+--------------+
|ap_clk                 |  in |    1| ap_ctrl_hs | smvm_loop2PU2C2iNonZeroEl | return value |
|ap_rst                 |  in |    1| ap_ctrl_hs | smvm_loop2PU2C2iNonZeroEl | return value |
|ap_start               |  in |    1| ap_ctrl_hs | smvm_loop2PU2C2iNonZeroEl | return value |
|ap_done                | out |    1| ap_ctrl_hs | smvm_loop2PU2C2iNonZeroEl | return value |
|ap_idle                | out |    1| ap_ctrl_hs | smvm_loop2PU2C2iNonZeroEl | return value |
|ap_ready               | out |    1| ap_ctrl_hs | smvm_loop2PU2C2iNonZeroEl | return value |
|iFirstEl_address0      | out |    3|  ap_memory |          iFirstEl         |     array    |
|iFirstEl_ce0           | out |    1|  ap_memory |          iFirstEl         |     array    |
|iFirstEl_q0            |  in |   32|  ap_memory |          iFirstEl         |     array    |
|iFirstEl_address1      | out |    3|  ap_memory |          iFirstEl         |     array    |
|iFirstEl_ce1           | out |    1|  ap_memory |          iFirstEl         |     array    |
|iFirstEl_q1            |  in |   32|  ap_memory |          iFirstEl         |     array    |
|iNonZeroEl_0_address0  | out |    3|  ap_memory |        iNonZeroEl_0       |     array    |
|iNonZeroEl_0_ce0       | out |    1|  ap_memory |        iNonZeroEl_0       |     array    |
|iNonZeroEl_0_q0        |  in |   32|  ap_memory |        iNonZeroEl_0       |     array    |
|iNonZeroEl_0_address1  | out |    3|  ap_memory |        iNonZeroEl_0       |     array    |
|iNonZeroEl_0_ce1       | out |    1|  ap_memory |        iNonZeroEl_0       |     array    |
|iNonZeroEl_0_q1        |  in |   32|  ap_memory |        iNonZeroEl_0       |     array    |
|iNonZeroEl_1_address0  | out |    2|  ap_memory |        iNonZeroEl_1       |     array    |
|iNonZeroEl_1_ce0       | out |    1|  ap_memory |        iNonZeroEl_1       |     array    |
|iNonZeroEl_1_q0        |  in |   32|  ap_memory |        iNonZeroEl_1       |     array    |
|iNonZeroEl_1_address1  | out |    2|  ap_memory |        iNonZeroEl_1       |     array    |
|iNonZeroEl_1_ce1       | out |    1|  ap_memory |        iNonZeroEl_1       |     array    |
|iNonZeroEl_1_q1        |  in |   32|  ap_memory |        iNonZeroEl_1       |     array    |
|values_address0        | out |    4|  ap_memory |           values          |     array    |
|values_ce0             | out |    1|  ap_memory |           values          |     array    |
|values_q0              |  in |   32|  ap_memory |           values          |     array    |
|values_address1        | out |    4|  ap_memory |           values          |     array    |
|values_ce1             | out |    1|  ap_memory |           values          |     array    |
|values_q1              |  in |   32|  ap_memory |           values          |     array    |
|mulRes_address0        | out |    2|  ap_memory |           mulRes          |     array    |
|mulRes_ce0             | out |    1|  ap_memory |           mulRes          |     array    |
|mulRes_we0             | out |    1|  ap_memory |           mulRes          |     array    |
|mulRes_d0              | out |   32|  ap_memory |           mulRes          |     array    |
|vector_address0        | out |    2|  ap_memory |           vector          |     array    |
|vector_ce0             | out |    1|  ap_memory |           vector          |     array    |
|vector_q0              |  in |   32|  ap_memory |           vector          |     array    |
|vector_address1        | out |    2|  ap_memory |           vector          |     array    |
|vector_ce1             | out |    1|  ap_memory |           vector          |     array    |
|vector_q1              |  in |   32|  ap_memory |           vector          |     array    |
+-----------------------+-----+-----+------------+---------------------------+--------------+

