

================================================================
== Vivado HLS Report for 'smvm'
================================================================
* Date:           Sun Jun  9 19:00:10 2024

* Version:        2018.3 (Build 2405991 on Thu Dec 06 23:56:15 MST 2018)
* Project:        smvmProject
* Solution:       Loop2PU2B8vector
* Product family: zynq
* Target device:  xc7z020clg484-1


================================================================
== Performance Estimates
================================================================
+ Timing (ns): 
    * Summary: 
    +--------+-------+----------+------------+
    |  Clock | Target| Estimated| Uncertainty|
    +--------+-------+----------+------------+
    |ap_clk  |  10.00|     8.510|        1.25|
    +--------+-------+----------+------------+

+ Latency (clock cycles): 
    * Summary: 
    +-----+-----+-----+-----+---------+
    |  Latency  |  Interval | Pipeline|
    | min | max | min | max |   Type  |
    +-----+-----+-----+-----+---------+
    |  113|  241|  113|  241|   none  |
    +-----+-----+-----+-----+---------+

    + Detail: 
        * Instance: 
        N/A

        * Loop: 
        +----------+-----+-----+----------+-----------+-----------+-------+----------+
        |          |  Latency  | Iteration|  Initiation Interval  |  Trip |          |
        | Loop Name| min | max |  Latency |  achieved |   target  | Count | Pipelined|
        +----------+-----+-----+----------+-----------+-----------+-------+----------+
        |- loop1   |  112|  240|  7 ~ 15  |          -|          -|     16|    no    |
        | + loop2  |    3|   11|         4|          1|          1| 0 ~ 8 |    yes   |
        +----------+-----+-----+----------+-----------+-----------+-------+----------+



================================================================
== Utilization Estimates
================================================================
* Summary: 
+-----------------+---------+-------+--------+-------+
|       Name      | BRAM_18K| DSP48E|   FF   |  LUT  |
+-----------------+---------+-------+--------+-------+
|DSP              |        -|      -|       -|      -|
|Expression       |        -|      6|       0|    262|
|FIFO             |        -|      -|       -|      -|
|Instance         |        -|      -|       0|    130|
|Memory           |        -|      -|       -|      -|
|Multiplexer      |        -|      -|       -|     78|
|Register         |        0|      -|     986|     64|
+-----------------+---------+-------+--------+-------+
|Total            |        0|      6|     986|    534|
+-----------------+---------+-------+--------+-------+
|Available        |      280|    220|  106400|  53200|
+-----------------+---------+-------+--------+-------+
|Utilization (%)  |        0|      2|   ~0   |      1|
+-----------------+---------+-------+--------+-------+

+ Detail: 
    * Instance: 
    +------------------------+---------------------+---------+-------+---+----+
    |        Instance        |        Module       | BRAM_18K| DSP48E| FF| LUT|
    +------------------------+---------------------+---------+-------+---+----+
    |smvm_mux_164_32_1_1_U1  |smvm_mux_164_32_1_1  |        0|      0|  0|  65|
    |smvm_mux_164_32_1_1_U2  |smvm_mux_164_32_1_1  |        0|      0|  0|  65|
    +------------------------+---------------------+---------+-------+---+----+
    |Total                   |                     |        0|      0|  0| 130|
    +------------------------+---------------------+---------+-------+---+----+

    * DSP48: 
    N/A

    * Memory: 
    N/A

    * FIFO: 
    N/A

    * Expression: 
    +------------------------------+----------+-------+---+----+------------+------------+
    |         Variable Name        | Operation| DSP48E| FF| LUT| Bitwidth P0| Bitwidth P1|
    +------------------------------+----------+-------+---+----+------------+------------+
    |tmp_6_1_fu_427_p2             |     *    |      3|  0|  20|          32|          32|
    |tmp_6_fu_423_p2               |     *    |      3|  0|  20|          32|          32|
    |i_1_fu_321_p2                 |     +    |      0|  0|  15|           5|           1|
    |k_1_1_fu_365_p2               |     +    |      0|  0|  39|           2|          32|
    |k_1_fu_348_p2                 |     +    |      0|  0|  39|           1|          32|
    |ytmp_1_1_fu_436_p2            |     +    |      0|  0|  39|          32|          32|
    |ytmp_1_fu_431_p2              |     +    |      0|  0|  39|          32|          32|
    |exitcond_fu_315_p2            |   icmp   |      0|  0|  11|           5|           6|
    |tmp_3_1_fu_354_p2             |   icmp   |      0|  0|  18|          32|          32|
    |tmp_3_fu_337_p2               |   icmp   |      0|  0|  18|          32|          32|
    |ap_predicate_tran7to8_state4  |    or    |      0|  0|   2|           1|           1|
    |ap_enable_pp0                 |    xor   |      0|  0|   2|           1|           2|
    +------------------------------+----------+-------+---+----+------------+------------+
    |Total                         |          |      6|  0| 262|         207|         266|
    +------------------------------+----------+-------+---+----+------------+------------+

    * Multiplexer: 
    +-------------------------+----+-----------+-----+-----------+
    |           Name          | LUT| Input Size| Bits| Total Bits|
    +-------------------------+----+-----------+-----+-----------+
    |ap_NS_fsm                |  33|          6|    1|          6|
    |ap_enable_reg_pp0_iter3  |   9|          2|    1|          2|
    |i_reg_272                |   9|          2|    5|         10|
    |k1_reg_283               |   9|          2|   32|         64|
    |ytmp_lcssa_reg_304       |   9|          2|   32|         64|
    |ytmp_reg_292             |   9|          2|   32|         64|
    +-------------------------+----+-----------+-----+-----------+
    |Total                    |  78|         16|  103|        210|
    +-------------------------+----+-----------+-----+-----------+

    * Register: 
    +-------------------------+----+----+-----+-----------+
    |           Name          | FF | LUT| Bits| Const Bits|
    +-------------------------+----+----+-----+-----------+
    |ap_CS_fsm                |   5|   0|    5|          0|
    |ap_enable_reg_pp0_iter0  |   1|   0|    1|          0|
    |ap_enable_reg_pp0_iter1  |   1|   0|    1|          0|
    |ap_enable_reg_pp0_iter2  |   1|   0|    1|          0|
    |ap_enable_reg_pp0_iter3  |   1|   0|    1|          0|
    |iFirstEl_load_reg_469    |  32|   0|   32|          0|
    |i_1_reg_444              |   5|   0|    5|          0|
    |i_reg_272                |   5|   0|    5|          0|
    |k1_reg_283               |  32|   0|   32|          0|
    |tmp_3_1_reg_585          |   1|   0|    1|          0|
    |tmp_3_reg_475            |   1|   0|    1|          0|
    |tmp_5_reg_609            |  32|   0|   32|          0|
    |tmp_6_1_reg_629          |  32|   0|   32|          0|
    |tmp_6_reg_624            |  32|   0|   32|          0|
    |tmp_7_reg_619            |  32|   0|   32|          0|
    |tmp_reg_449              |   5|   0|   64|         59|
    |values_load_1_reg_614    |  32|   0|   32|          0|
    |values_load_reg_604      |  32|   0|   32|          0|
    |vector_0_read_reg_489    |  32|   0|   32|          0|
    |vector_10_read_reg_549   |  32|   0|   32|          0|
    |vector_11_read_reg_555   |  32|   0|   32|          0|
    |vector_12_read_reg_561   |  32|   0|   32|          0|
    |vector_13_read_reg_567   |  32|   0|   32|          0|
    |vector_14_read_reg_573   |  32|   0|   32|          0|
    |vector_15_read_reg_579   |  32|   0|   32|          0|
    |vector_1_read_reg_495    |  32|   0|   32|          0|
    |vector_2_read_reg_501    |  32|   0|   32|          0|
    |vector_3_read_reg_507    |  32|   0|   32|          0|
    |vector_4_read_reg_513    |  32|   0|   32|          0|
    |vector_5_read_reg_519    |  32|   0|   32|          0|
    |vector_6_read_reg_525    |  32|   0|   32|          0|
    |vector_7_read_reg_531    |  32|   0|   32|          0|
    |vector_8_read_reg_537    |  32|   0|   32|          0|
    |vector_9_read_reg_543    |  32|   0|   32|          0|
    |ytmp_lcssa_reg_304       |  32|   0|   32|          0|
    |ytmp_reg_292             |  32|   0|   32|          0|
    |tmp_3_1_reg_585          |  64|  32|    1|          0|
    |tmp_3_reg_475            |  64|  32|    1|          0|
    +-------------------------+----+----+-----+-----------+
    |Total                    | 986|  64|  919|         59|
    +-------------------------+----+----+-----+-----------+



================================================================
== Interface
================================================================
* Summary: 
+---------------------+-----+-----+------------+--------------+--------------+
|      RTL Ports      | Dir | Bits|  Protocol  | Source Object|    C Type    |
+---------------------+-----+-----+------------+--------------+--------------+
|ap_clk               |  in |    1| ap_ctrl_hs |     smvm     | return value |
|ap_rst               |  in |    1| ap_ctrl_hs |     smvm     | return value |
|ap_start             |  in |    1| ap_ctrl_hs |     smvm     | return value |
|ap_done              | out |    1| ap_ctrl_hs |     smvm     | return value |
|ap_idle              | out |    1| ap_ctrl_hs |     smvm     | return value |
|ap_ready             | out |    1| ap_ctrl_hs |     smvm     | return value |
|iFirstEl_address0    | out |    5|  ap_memory |   iFirstEl   |     array    |
|iFirstEl_ce0         | out |    1|  ap_memory |   iFirstEl   |     array    |
|iFirstEl_q0          |  in |   32|  ap_memory |   iFirstEl   |     array    |
|iFirstEl_address1    | out |    5|  ap_memory |   iFirstEl   |     array    |
|iFirstEl_ce1         | out |    1|  ap_memory |   iFirstEl   |     array    |
|iFirstEl_q1          |  in |   32|  ap_memory |   iFirstEl   |     array    |
|iNonZeroEl_address0  | out |    4|  ap_memory |  iNonZeroEl  |     array    |
|iNonZeroEl_ce0       | out |    1|  ap_memory |  iNonZeroEl  |     array    |
|iNonZeroEl_q0        |  in |   32|  ap_memory |  iNonZeroEl  |     array    |
|iNonZeroEl_address1  | out |    4|  ap_memory |  iNonZeroEl  |     array    |
|iNonZeroEl_ce1       | out |    1|  ap_memory |  iNonZeroEl  |     array    |
|iNonZeroEl_q1        |  in |   32|  ap_memory |  iNonZeroEl  |     array    |
|values_address0      | out |    4|  ap_memory |    values    |     array    |
|values_ce0           | out |    1|  ap_memory |    values    |     array    |
|values_q0            |  in |   32|  ap_memory |    values    |     array    |
|values_address1      | out |    4|  ap_memory |    values    |     array    |
|values_ce1           | out |    1|  ap_memory |    values    |     array    |
|values_q1            |  in |   32|  ap_memory |    values    |     array    |
|mulRes_address0      | out |    4|  ap_memory |    mulRes    |     array    |
|mulRes_ce0           | out |    1|  ap_memory |    mulRes    |     array    |
|mulRes_we0           | out |    1|  ap_memory |    mulRes    |     array    |
|mulRes_d0            | out |   32|  ap_memory |    mulRes    |     array    |
|vector_0             |  in |   32|   ap_none  |   vector_0   |    pointer   |
|vector_1             |  in |   32|   ap_none  |   vector_1   |    pointer   |
|vector_2             |  in |   32|   ap_none  |   vector_2   |    pointer   |
|vector_3             |  in |   32|   ap_none  |   vector_3   |    pointer   |
|vector_4             |  in |   32|   ap_none  |   vector_4   |    pointer   |
|vector_5             |  in |   32|   ap_none  |   vector_5   |    pointer   |
|vector_6             |  in |   32|   ap_none  |   vector_6   |    pointer   |
|vector_7             |  in |   32|   ap_none  |   vector_7   |    pointer   |
|vector_8             |  in |   32|   ap_none  |   vector_8   |    pointer   |
|vector_9             |  in |   32|   ap_none  |   vector_9   |    pointer   |
|vector_10            |  in |   32|   ap_none  |   vector_10  |    pointer   |
|vector_11            |  in |   32|   ap_none  |   vector_11  |    pointer   |
|vector_12            |  in |   32|   ap_none  |   vector_12  |    pointer   |
|vector_13            |  in |   32|   ap_none  |   vector_13  |    pointer   |
|vector_14            |  in |   32|   ap_none  |   vector_14  |    pointer   |
|vector_15            |  in |   32|   ap_none  |   vector_15  |    pointer   |
+---------------------+-----+-----+------------+--------------+--------------+

